[INFO] Scanning for projects...
[INFO] 
[INFO] ----------------< com.budgetbuddy:budget-buddy-backend >----------------
[INFO] Building budget-buddy-backend 0.0.1-SNAPSHOT
[INFO]   from pom.xml
[INFO] --------------------------------[ jar ]---------------------------------
[INFO] 
[INFO] --- clean:3.4.1:clean (default-clean) @ budget-buddy-backend ---
[INFO] Deleting M:\java_pbl\budget-buddy-backend\target
[INFO] 
[INFO] --- resources:3.3.1:resources (default-resources) @ budget-buddy-backend ---
[INFO] Copying 1 resource from src\main\resources to target\classes
[INFO] Copying 0 resource from src\main\resources to target\classes
[INFO] 
[INFO] --- compiler:3.13.0:compile (default-compile) @ budget-buddy-backend ---
[INFO] Recompiling the module because of changed source code.
[INFO] Compiling 33 source files with javac [debug parameters release 17] to target\classes
[INFO] -------------------------------------------------------------
[ERROR] COMPILATION ERROR : 
[INFO] -------------------------------------------------------------
[ERROR] /M:/java_pbl/budget-buddy-backend/src/main/java/com/budgetbuddy/security/JwtUtils.java:[26,20] ',', ')', or '[' expected
[ERROR] /M:/java_pbl/budget-buddy-backend/src/main/java/com/budgetbuddy/security/JwtUtils.java:[56,21] not a statement
[ERROR] /M:/java_pbl/budget-buddy-backend/src/main/java/com/budgetbuddy/security/JwtUtils.java:[57,17] not a statement
[ERROR] /M:/java_pbl/budget-buddy-backend/src/main/java/com/budgetbuddy/security/JwtUtils.java:[59,26] unclosed string literal
[ERROR] /M:/java_pbl/budget-buddy-backend/src/main/java/com/budgetbuddy/security/JwtUtils.java:[58,17] not a statement
[ERROR] /M:/java_pbl/budget-buddy-backend/src/main/java/com/budgetbuddy/security/JwtUtils.java:[36,13] implicitly declared classes are not supported in -source 17
  (use -source 25 or higher to enable implicitly declared classes)
[ERROR] /M:/java_pbl/budget-buddy-backend/src/main/java/com/budgetbuddy/security/JwtUtils.java:[42,42] ';' expected
[ERROR] /M:/java_pbl/budget-buddy-backend/src/main/java/com/budgetbuddy/security/JwtUtils.java:[42,55] ';' expected
[ERROR] /M:/java_pbl/budget-buddy-backend/src/main/java/com/budgetbuddy/security/JwtUtils.java:[53,17] ';' expected
[ERROR] /M:/java_pbl/budget-buddy-backend/src/main/java/com/budgetbuddy/security/JwtUtils.java:[56,25] ';' expected
[ERROR] /M:/java_pbl/budget-buddy-backend/src/main/java/com/budgetbuddy/security/JwtUtils.java:[57,19] ';' expected
[ERROR] /M:/java_pbl/budget-buddy-backend/src/main/java/com/budgetbuddy/security/JwtUtils.java:[59,25] ',', ')', or '[' expected
[ERROR] /M:/java_pbl/budget-buddy-backend/src/main/java/com/budgetbuddy/security/JwtUtils.java:[62,11] 'catch' without 'try'
[ERROR] /M:/java_pbl/budget-buddy-backend/src/main/java/com/budgetbuddy/security/JwtUtils.java:[64,11] 'catch' without 'try'
[ERROR] /M:/java_pbl/budget-buddy-backend/src/main/java/com/budgetbuddy/security/JwtUtils.java:[66,11] 'catch' without 'try'
[ERROR] /M:/java_pbl/budget-buddy-backend/src/main/java/com/budgetbuddy/security/JwtUtils.java:[72,1] class, interface, enum, or record expected
[ERROR] /M:/java_pbl/budget-buddy-backend/src/main/java/com/budgetbuddy/security/JwtUtils.java:[1,1] compact source file should not have package declaration
[INFO] 17 errors 
[INFO] -------------------------------------------------------------
[INFO] ------------------------------------------------------------------------
[INFO] BUILD FAILURE
[INFO] ------------------------------------------------------------------------
[INFO] Total time:  2.022 s
[INFO] Finished at: 2026-03-18T20:53:00+05:30
[INFO] ------------------------------------------------------------------------
[ERROR] Failed to execute goal org.apache.maven.plugins:maven-compiler-plugin:3.13.0:compile (default-compile) on project budget-buddy-backend: Compilation failure: Compilation failure: 
[ERROR] /M:/java_pbl/budget-buddy-backend/src/main/java/com/budgetbuddy/security/JwtUtils.java:[26,20] ',', ')', or '[' expected
[ERROR] /M:/java_pbl/budget-buddy-backend/src/main/java/com/budgetbuddy/security/JwtUtils.java:[56,21] not a statement
[ERROR] /M:/java_pbl/budget-buddy-backend/src/main/java/com/budgetbuddy/security/JwtUtils.java:[57,17] not a statement
[ERROR] /M:/java_pbl/budget-buddy-backend/src/main/java/com/budgetbuddy/security/JwtUtils.java:[59,26] unclosed string literal
[ERROR] /M:/java_pbl/budget-buddy-backend/src/main/java/com/budgetbuddy/security/JwtUtils.java:[58,17] not a statement
[ERROR] /M:/java_pbl/budget-buddy-backend/src/main/java/com/budgetbuddy/security/JwtUtils.java:[36,13] implicitly declared classes are not supported in -source 17
[ERROR]   (use -source 25 or higher to enable implicitly declared classes)
[ERROR] /M:/java_pbl/budget-buddy-backend/src/main/java/com/budgetbuddy/security/JwtUtils.java:[42,42] ';' expected
[ERROR] /M:/java_pbl/budget-buddy-backend/src/main/java/com/budgetbuddy/security/JwtUtils.java:[42,55] ';' expected
[ERROR] /M:/java_pbl/budget-buddy-backend/src/main/java/com/budgetbuddy/security/JwtUtils.java:[53,17] ';' expected
[ERROR] /M:/java_pbl/budget-buddy-backend/src/main/java/com/budgetbuddy/security/JwtUtils.java:[56,25] ';' expected
[ERROR] /M:/java_pbl/budget-buddy-backend/src/main/java/com/budgetbuddy/security/JwtUtils.java:[57,19] ';' expected
[ERROR] /M:/java_pbl/budget-buddy-backend/src/main/java/com/budgetbuddy/security/JwtUtils.java:[59,25] ',', ')', or '[' expected
[ERROR] /M:/java_pbl/budget-buddy-backend/src/main/java/com/budgetbuddy/security/JwtUtils.java:[62,11] 'catch' without 'try'
[ERROR] /M:/java_pbl/budget-buddy-backend/src/main/java/com/budgetbuddy/security/JwtUtils.java:[64,11] 'catch' without 'try'
[ERROR] /M:/java_pbl/budget-buddy-backend/src/main/java/com/budgetbuddy/security/JwtUtils.java:[66,11] 'catch' without 'try'
[ERROR] /M:/java_pbl/budget-buddy-backend/src/main/java/com/budgetbuddy/security/JwtUtils.java:[72,1] class, interface, enum, or record expected
[ERROR] /M:/java_pbl/budget-buddy-backend/src/main/java/com/budgetbuddy/security/JwtUtils.java:[1,1] compact source file should not have package declaration
[ERROR] -> [Help 1]
[ERROR] 
[ERROR] To see the full stack trace of the errors, re-run Maven with the -e switch.
[ERROR] Re-run Maven using the -X switch to enable full debug logging.
[ERROR] 
[ERROR] For more information about the errors and possible solutions, please read the following articles:
[ERROR] [Help 1] http://cwiki.apache.org/confluence/display/MAVEN/MojoFailureException
